../Drivers/CMSIS/Include/core_cm7.h:2606:26:ITM_SendChar	16	static,ignoring_inline_asm
../Core/Src/freertos.c:49:5:_write	32	static
../Core/Src/freertos.c:178:6:MX_FREERTOS_Init	8	static
../Core/Src/freertos.c:263:6:startTaskControlMotor	16	static
../Core/Src/freertos.c:284:6:startTaskAttitude	16	static
../Core/Src/freertos.c:306:6:startTaskAltitude	16	static
../Core/Src/freertos.c:326:6:getPressure	16	static
../Core/Src/freertos.c:350:6:getMagnetometer	16	static
../Core/Src/freertos.c:375:6:getAccMean	16	static
../Core/Src/freertos.c:410:6:getGyroscope	16	static
../Core/Src/freertos.c:435:6:displayData	32	static
