../Core/Src/main.c:86:5:main	8	static
../Core/Src/main.c:156:6:SystemClock_Config	88	static
../Core/Src/main.c:210:13:sensorGyroInit	16	static
../Core/Src/main.c:212:13:sensorGyroRead	16	static
../Core/Src/main.c:222:13:sensorAccInit	16	static
../Core/Src/main.c:224:13:sensorAccRead	16	static
../Core/Src/main.c:234:13:sensorMagInit	16	static
../Core/Src/main.c:236:13:sensorMagRead	16	static
../Core/Src/main.c:246:13:sensorBaroInit	16	static
../Core/Src/main.c:250:13:sensorBaroRead	16	static
../Core/Src/main.c:268:6:HAL_TIM_PeriodElapsedCallback	16	static
../Core/Src/main.c:285:6:Error_Handler	4	static,ignoring_inline_asm
